<h1>基本的な見出しサンプル</h1>

<p>これは通常のテキストです。</p>

<p><strong>重要な情報</strong></p>
<p><em>斜体のテキスト</em></p>

<p>段落の区切りもテストします。</p>

<ul>
<li>項目1</li>
<li>項目2</li>
<li>項目3</li>
</ul>

<p>複雑な<strong>ネスト</strong>した記法</p>